------------------------------------------------------------
Timing Analyzer Summary
------------------------------------------------------------

Type  : Slow 1200mV 85C Model Setup 'CLK'
Slack : -2.523
TNS   : -1080.558

Type  : Slow 1200mV 85C Model Hold 'CLK'
Slack : 0.852
TNS   : 0.000

Type  : Slow 1200mV 85C Model Recovery 'CLK'
Slack : 16.223
TNS   : 0.000

Type  : Slow 1200mV 85C Model Removal 'CLK'
Slack : 2.683
TNS   : 0.000

Type  : Slow 1200mV 85C Model Minimum Pulse Width 'CLK'
Slack : 9.675
TNS   : 0.000

Type  : Slow 1200mV 0C Model Setup 'CLK'
Slack : -1.006
TNS   : -2.575

Type  : Slow 1200mV 0C Model Hold 'CLK'
Slack : 0.782
TNS   : 0.000

Type  : Slow 1200mV 0C Model Recovery 'CLK'
Slack : 16.576
TNS   : 0.000

Type  : Slow 1200mV 0C Model Removal 'CLK'
Slack : 2.458
TNS   : 0.000

Type  : Slow 1200mV 0C Model Minimum Pulse Width 'CLK'
Slack : 9.714
TNS   : 0.000

Type  : Fast 1200mV 0C Model Setup 'CLK'
Slack : 9.967
TNS   : 0.000

Type  : Fast 1200mV 0C Model Hold 'CLK'
Slack : 0.329
TNS   : 0.000

Type  : Fast 1200mV 0C Model Recovery 'CLK'
Slack : 18.084
TNS   : 0.000

Type  : Fast 1200mV 0C Model Removal 'CLK'
Slack : 1.339
TNS   : 0.000

Type  : Fast 1200mV 0C Model Minimum Pulse Width 'CLK'
Slack : 9.431
TNS   : 0.000

------------------------------------------------------------
