<html>
<body>
<pre>
<h1>µVision Build Log</h1>
<h2>Project:</h2>
C:\School\CE1921\HW 8\Not.uvproj
Project File Date:  05/10/2019

<h2>Output:</h2>
Build target 'Target 1'
linking...
Program Size: Code=24 RO-data=0 RW-data=0 ZI-data=0  
".\Not.axf" - 0 Error(s), 0 Warning(s).
</pre>
</body>
</html>
: Could not load file 'C:\School\CE1921\HW 8\Not.axf'. Debugger aborted !
 error: A1477E: This register combination results in UNPREDICTABLE behaviour
".\Not.axf" - 3 Error(s), 0 Warning(s).
Target not created
NPREDICTABLE behaviour
".\Not.axf" - 4 Error(s), 0 Warning(s).
Target not created
